\BOOKMARK [1][]{section.1}{\376\377\000I\000n\000t\000r\000o\000d\000u\000c\000t\000i\000o\000n}{}% 1
\BOOKMARK [2][]{section*.2}{\376\377\000C\000o\000n\000t\000r\000i\000b\000u\000t\000i\000o\000n\000s\000.}{section.1}% 2
\BOOKMARK [1][]{section.2}{\376\377\000R\000e\000l\000a\000t\000e\000d\000\040\000W\000o\000r\000k}{}% 3
\BOOKMARK [2][]{subsection.2.1}{\376\377\000S\000e\000r\000v\000i\000n\000g\000\040\000A\000r\000c\000h\000i\000t\000e\000c\000t\000u\000r\000e\000s\000\040\000a\000n\000d\000\040\000S\000c\000h\000e\000d\000u\000l\000i\000n\000g\000\040\000M\000e\000c\000h\000a\000n\000i\000s\000m\000s}{section.2}% 4
\BOOKMARK [2][]{subsection.2.2}{\376\377\000P\000r\000o\000d\000u\000c\000t\000i\000o\000n\000\040\000W\000o\000r\000k\000l\000o\000a\000d\000s\000\040\000a\000n\000d\000\040\000C\000h\000a\000r\000a\000c\000t\000e\000r\000i\000z\000a\000t\000i\000o\000n}{section.2}% 5
\BOOKMARK [2][]{subsection.2.3}{\376\377\000S\000i\000m\000u\000l\000a\000t\000o\000r\000s\000\040\000a\000n\000d\000\040\000B\000e\000n\000c\000h\000m\000a\000r\000k\000\040\000F\000r\000a\000m\000e\000w\000o\000r\000k\000s}{section.2}% 6
\BOOKMARK [2][]{subsection.2.4}{\376\377\000W\000o\000r\000k\000l\000o\000a\000d\000\040\000D\000e\000p\000e\000n\000d\000e\000n\000c\000e\000\040\000a\000n\000d\000\040\000B\000e\000n\000c\000h\000m\000a\000r\000k\000\040\000S\000e\000n\000s\000i\000t\000i\000v\000i\000t\000y}{section.2}% 7
\BOOKMARK [2][]{subsection.2.5}{\376\377\000R\000a\000n\000k\000i\000n\000g\000\040\000P\000o\000r\000t\000a\000b\000i\000l\000i\000t\000y\000\040\000a\000n\000d\000\040\000B\000e\000n\000c\000h\000m\000a\000r\000k\000\040\000M\000e\000t\000h\000o\000d\000o\000l\000o\000g\000y}{section.2}% 8
\BOOKMARK [2][]{subsection.2.6}{\376\377\000R\000e\000c\000e\000n\000t\000\040\000J\000o\000u\000r\000n\000a\000l\000\040\000o\000f\000\040\000S\000u\000p\000e\000r\000c\000o\000m\000p\000u\000t\000i\000n\000g\000\040\000C\000o\000n\000t\000e\000x\000t}{section.2}% 9
\BOOKMARK [2][]{subsection.2.7}{\376\377\000P\000o\000s\000i\000t\000i\000o\000n\000\040\000o\000f\000\040\000L\000S\000S\000P}{section.2}% 10
\BOOKMARK [1][]{section.3}{\376\377\000S\000t\000u\000d\000y\000\040\000D\000e\000s\000i\000g\000n}{}% 11
\BOOKMARK [2][]{subsection.3.1}{\376\377\000R\000e\000s\000e\000a\000r\000c\000h\000\040\000Q\000u\000e\000s\000t\000i\000o\000n\000s}{section.3}% 12
\BOOKMARK [2][]{subsection.3.2}{\376\377\000S\000t\000u\000d\000y\000\040\000O\000v\000e\000r\000v\000i\000e\000w}{section.3}% 13
\BOOKMARK [2][]{subsection.3.3}{\376\377\000E\000v\000i\000d\000e\000n\000c\000e\000\040\000I\000n\000d\000e\000p\000e\000n\000d\000e\000n\000c\000e\000\040\000/\000\040\000P\000u\000b\000l\000i\000c\000a\000t\000i\000o\000n\000\040\000B\000o\000u\000n\000d\000a\000r\000i\000e\000s}{section.3}% 14
\BOOKMARK [2][]{subsection.3.4}{\376\377\000E\000x\000p\000e\000r\000i\000m\000e\000n\000t\000a\000l\000\040\000U\000n\000i\000t\000\040\000a\000n\000d\000\040\000P\000a\000i\000r\000e\000d\000\040\000D\000e\000s\000i\000g\000n}{section.3}% 15
\BOOKMARK [2][]{subsection.3.5}{\376\377\000P\000r\000e\000r\000e\000g\000i\000s\000t\000r\000a\000t\000i\000o\000n}{section.3}% 16
\BOOKMARK [1][]{section.4}{\376\377\000W\000o\000r\000k\000l\000o\000a\000d\000\040\000C\000o\000r\000p\000u\000s\000\040\000a\000n\000d\000\040\000C\000h\000a\000r\000a\000c\000t\000e\000r\000i\000z\000a\000t\000i\000o\000n}{}% 17
\BOOKMARK [2][]{subsection.4.1}{\376\377\000S\000o\000u\000r\000c\000e\000s}{section.4}% 18
\BOOKMARK [2][]{subsection.4.2}{\376\377\000R\000e\000p\000r\000e\000s\000e\000n\000t\000a\000t\000i\000o\000n\000\040\000a\000n\000d\000\040\000P\000r\000o\000v\000e\000n\000a\000n\000c\000e}{section.4}% 19
\BOOKMARK [2][]{subsection.4.3}{\376\377\000W\000i\000n\000d\000o\000w\000\040\000C\000o\000n\000s\000t\000r\000u\000c\000t\000i\000o\000n}{section.4}% 20
\BOOKMARK [2][]{subsection.4.4}{\376\377\000D\000e\000s\000c\000r\000i\000p\000t\000o\000r\000s}{section.4}% 21
\BOOKMARK [2][]{subsection.4.5}{\376\377\000C\000r\000o\000s\000s\000-\000S\000o\000u\000r\000c\000e\000\040\000D\000i\000f\000f\000e\000r\000e\000n\000c\000e\000s}{section.4}% 22
\BOOKMARK [2][]{subsection.4.6}{\376\377\000S\000o\000u\000r\000c\000e\000\040\000S\000e\000p\000a\000r\000a\000b\000i\000l\000i\000t\000y}{section.4}% 23
\BOOKMARK [2][]{subsection.4.7}{\376\377\000D\000r\000i\000v\000e\000r\000s\000\040\000o\000f\000\040\000D\000i\000f\000f\000e\000r\000e\000n\000c\000e\000s}{section.4}% 24
\BOOKMARK [2][]{subsection.4.8}{\376\377\000W\000i\000n\000d\000o\000w\000-\000S\000i\000z\000e\000\040\000S\000e\000n\000s\000i\000t\000i\000v\000i\000t\000y}{section.4}% 25
\BOOKMARK [1][]{section.5}{\376\377\000S\000c\000h\000e\000d\000u\000l\000e\000r\000\040\000B\000e\000n\000c\000h\000m\000a\000r\000k\000\040\000M\000e\000t\000h\000o\000d\000o\000l\000o\000g\000y}{}% 26
\BOOKMARK [2][]{subsection.5.1}{\376\377\000S\000c\000h\000e\000d\000u\000l\000e\000r\000\040\000P\000a\000n\000e\000l}{section.5}% 27
\BOOKMARK [2][]{subsection.5.2}{\376\377\000F\000i\000d\000e\000l\000i\000t\000y\000\040\000T\000a\000x\000o\000n\000o\000m\000y}{section.5}% 28
\BOOKMARK [2][]{subsection.5.3}{\376\377\000E\000x\000e\000c\000u\000t\000i\000o\000n\000\040\000M\000o\000d\000e\000l}{section.5}% 29
\BOOKMARK [2][]{subsection.5.4}{\376\377\000S\000t\000a\000g\000e\000-\0000\000\040\000D\000i\000s\000c\000r\000i\000m\000i\000n\000a\000b\000i\000l\000i\000t\000y\000\040\000P\000i\000l\000o\000t\000\040\000\050\000H\000i\000s\000t\000o\000r\000i\000c\000a\000l\000\051}{section.5}% 30
\BOOKMARK [2][]{subsection.5.5}{\376\377\000O\000p\000e\000r\000a\000t\000i\000n\000g\000-\000R\000e\000g\000i\000o\000n\000\040\000C\000a\000l\000i\000b\000r\000a\000t\000i\000o\000n}{section.5}% 31
\BOOKMARK [2][]{subsection.5.6}{\376\377\000M\000e\000t\000r\000i\000c\000s}{section.5}% 32
\BOOKMARK [2][]{subsection.5.7}{\376\377\000P\000a\000i\000r\000e\000d\000\040\000D\000e\000s\000i\000g\000n\000\040\000a\000n\000d\000\040\000R\000e\000p\000e\000t\000i\000t\000i\000o\000n\000s}{section.5}% 33
\BOOKMARK [2][]{subsection.5.8}{\376\377\000M\000e\000c\000h\000a\000n\000i\000s\000m\000\040\000T\000e\000l\000e\000m\000e\000t\000r\000y}{section.5}% 34
\BOOKMARK [2][]{subsection.5.9}{\376\377\000R\000a\000n\000k\000i\000n\000g\000-\000U\000n\000c\000e\000r\000t\000a\000i\000n\000t\000y\000\040\000Q\000u\000a\000n\000t\000i\000f\000i\000c\000a\000t\000i\000o\000n\000\040\000a\000n\000d\000\040\000R\000e\000v\000e\000r\000s\000a\000l\000\040\000C\000l\000a\000s\000s\000i\000f\000i\000c\000a\000t\000i\000o\000n}{section.5}% 35
\BOOKMARK [2][]{subsection.5.10}{\376\377\000T\000e\000m\000p\000o\000r\000a\000l\000\040\000A\000n\000a\000l\000y\000s\000i\000s\000\040\000D\000e\000s\000i\000g\000n}{section.5}% 36
\BOOKMARK [2][]{subsection.5.11}{\376\377\000R\000o\000b\000u\000s\000t\000n\000e\000s\000s\000\040\000A\000n\000a\000l\000y\000s\000e\000s}{section.5}% 37
\BOOKMARK [2][]{subsection.5.12}{\376\377\000S\000L\000O\000-\000D\000e\000f\000i\000n\000i\000t\000i\000o\000n\000\040\000S\000e\000n\000s\000i\000t\000i\000v\000i\000t\000y\000:\000\040\000A\000\040\000D\000i\000s\000c\000l\000o\000s\000e\000d\000\040\000P\000r\000o\000t\000o\000c\000o\000l\000\040\000G\000a\000p}{section.5}% 38
\BOOKMARK [1][]{section.6}{\376\377\000S\000c\000h\000e\000d\000u\000l\000e\000r\000\040\000R\000a\000n\000k\000i\000n\000g\000\040\000P\000o\000r\000t\000a\000b\000i\000l\000i\000t\000y}{}% 39
\BOOKMARK [2][]{subsection.6.1}{\376\377\000C\000r\000o\000s\000s\000-\000S\000o\000u\000r\000c\000e\000\040\000R\000a\000n\000k\000i\000n\000g\000s}{section.6}% 40
\BOOKMARK [2][]{subsection.6.2}{\376\377\000L\000o\000a\000d\000\040\000C\000o\000n\000d\000i\000t\000i\000o\000n\000i\000n\000g}{section.6}% 41
\BOOKMARK [2][]{subsection.6.3}{\376\377\000P\000a\000i\000r\000w\000i\000s\000e\000\040\000R\000e\000v\000e\000r\000s\000a\000l\000s}{section.6}% 42
\BOOKMARK [2][]{subsection.6.4}{\376\377\000T\000e\000m\000p\000o\000r\000a\000l\000\040\000P\000o\000r\000t\000a\000b\000i\000l\000i\000t\000y}{section.6}% 43
\BOOKMARK [2][]{subsection.6.5}{\376\377\000R\000o\000b\000u\000s\000t\000n\000e\000s\000s}{section.6}% 44
\BOOKMARK [2][]{subsection.6.6}{\376\377\000C\000r\000o\000s\000s\000-\000M\000e\000t\000r\000i\000c\000\040\000R\000a\000n\000k\000i\000n\000g\000\040\000P\000o\000r\000t\000a\000b\000i\000l\000i\000t\000y}{section.6}% 45
\BOOKMARK [2][]{subsection.6.7}{\376\377\000S\000L\000O\000-\000D\000e\000f\000i\000n\000i\000t\000i\000o\000n\000\040\000S\000e\000n\000s\000i\000t\000i\000v\000i\000t\000y}{section.6}% 46
\BOOKMARK [2][]{subsection.6.8}{\376\377\000S\000y\000n\000t\000h\000e\000t\000i\000c\000-\000t\000o\000-\000R\000e\000a\000l\000\040\000R\000a\000n\000k\000i\000n\000g\000\040\000T\000r\000a\000n\000s\000f\000e\000r\000\040\000\050\000P\000i\000l\000o\000t\000,\000\040\000N\000o\000t\000\040\000H\000e\000a\000d\000l\000i\000n\000e\000\040\000E\000v\000i\000d\000e\000n\000c\000e\000\051}{section.6}% 47
\BOOKMARK [1][]{section.7}{\376\377\000B\000e\000n\000c\000h\000m\000a\000r\000k\000\040\000S\000a\000m\000p\000l\000e\000\040\000C\000o\000m\000p\000l\000e\000x\000i\000t\000y}{}% 48
\BOOKMARK [2][]{subsection.7.1}{\376\377\000M\000o\000t\000i\000v\000a\000t\000i\000o\000n}{section.7}% 49
\BOOKMARK [2][]{subsection.7.2}{\376\377\000D\000e\000s\000i\000g\000n}{section.7}% 50
\BOOKMARK [1][]{section.8}{\376\377\000R\000e\000a\000l\000-\000S\000y\000s\000t\000e\000m\000\040\000V\000a\000l\000i\000d\000a\000t\000i\000o\000n}{}% 51
\BOOKMARK [2][]{subsection.8.1}{\376\377\000O\000b\000j\000e\000c\000t\000i\000v\000e}{section.8}% 52
\BOOKMARK [2][]{subsection.8.2}{\376\377\000E\000x\000p\000e\000r\000i\000m\000e\000n\000t\000a\000l\000\040\000D\000e\000s\000i\000g\000n}{section.8}% 53
\BOOKMARK [2][]{subsection.8.3}{\376\377\000C\000a\000s\000e\000\040\000S\000e\000l\000e\000c\000t\000i\000o\000n}{section.8}% 54
\BOOKMARK [2][]{subsection.8.4}{\376\377\000R\000e\000s\000u\000l\000t\000s}{section.8}% 55
\BOOKMARK [1][]{section.9}{\376\377\000D\000i\000s\000c\000u\000s\000s\000i\000o\000n}{}% 56
\BOOKMARK [2][]{subsection.9.1}{\376\377\000P\000o\000r\000t\000a\000b\000i\000l\000i\000t\000y\000\040\000I\000s\000\040\000R\000e\000a\000l\000\040\000b\000u\000t\000\040\000S\000o\000u\000r\000c\000e\000-\000P\000a\000i\000r\000-\000D\000e\000p\000e\000n\000d\000e\000n\000t\000,\000\040\000N\000o\000t\000\040\000U\000n\000i\000f\000o\000r\000m}{section.9}% 57
\BOOKMARK [2][]{subsection.9.2}{\376\377\000P\000r\000a\000c\000t\000i\000c\000a\000l\000l\000y\000\040\000S\000u\000p\000p\000o\000r\000t\000e\000d\000\040\000R\000e\000v\000e\000r\000s\000a\000l\000s\000\040\000A\000r\000e\000\040\000R\000e\000a\000l\000,\000\040\000U\000n\000c\000o\000m\000m\000o\000n\000,\000\040\000a\000n\000d\000\040\000L\000o\000a\000d\000-\000C\000o\000n\000c\000e\000n\000t\000r\000a\000t\000e\000d}{section.9}% 58
\BOOKMARK [2][]{subsection.9.3}{\376\377\000P\000r\000a\000c\000t\000i\000c\000a\000l\000\040\000I\000m\000p\000l\000i\000c\000a\000t\000i\000o\000n\000s\000\040\000f\000o\000r\000\040\000B\000e\000n\000c\000h\000m\000a\000r\000k\000\040\000D\000e\000s\000i\000g\000n}{section.9}% 59
\BOOKMARK [2][]{subsection.9.4}{\376\377\000P\000o\000r\000t\000a\000b\000i\000l\000i\000t\000y\000\040\000A\000l\000s\000o\000\040\000D\000e\000p\000e\000n\000d\000s\000\040\000o\000n\000\040\000W\000h\000i\000c\000h\000\040\000M\000e\000t\000r\000i\000c\000\040\000a\000n\000d\000\040\000W\000h\000i\000c\000h\000\040\000S\000L\000O\000\040\000D\000e\000f\000i\000n\000i\000t\000i\000o\000n\000\040\000I\000s\000\040\000U\000s\000e\000d}{section.9}% 60
\BOOKMARK [2][]{subsection.9.5}{\376\377\000E\000x\000p\000l\000a\000n\000a\000t\000o\000r\000y\000\040\000T\000e\000l\000e\000m\000e\000t\000r\000y\000:\000\040\000A\000\040\000P\000r\000e\000l\000i\000m\000i\000n\000a\000r\000y\000,\000\040\000H\000e\000a\000v\000i\000l\000y\000\040\000Q\000u\000a\000l\000i\000f\000i\000e\000d\000\040\000R\000e\000a\000d}{section.9}% 61
\BOOKMARK [2][]{subsection.9.6}{\376\377\000W\000o\000r\000k\000l\000o\000a\000d\000\040\000D\000e\000s\000c\000r\000i\000p\000t\000o\000r\000\040\000I\000n\000t\000e\000r\000p\000r\000e\000t\000a\000t\000i\000o\000n}{section.9}% 62
\BOOKMARK [2][]{subsection.9.7}{\376\377\000P\000h\000y\000s\000i\000c\000a\000l\000-\000E\000x\000e\000c\000u\000t\000i\000o\000n\000\040\000E\000v\000i\000d\000e\000n\000c\000e}{section.9}% 63
\BOOKMARK [2][]{subsection.9.8}{\376\377\000B\000e\000n\000c\000h\000m\000a\000r\000k\000\040\000C\000o\000n\000s\000t\000r\000u\000c\000t\000i\000o\000n\000\040\000a\000n\000d\000\040\000P\000r\000a\000c\000t\000i\000c\000a\000l\000\040\000R\000e\000p\000r\000o\000d\000u\000c\000i\000b\000i\000l\000i\000t\000y}{section.9}% 64
\BOOKMARK [1][]{section.10}{\376\377\000T\000h\000r\000e\000a\000t\000s\000\040\000t\000o\000\040\000V\000a\000l\000i\000d\000i\000t\000y}{}% 65
\BOOKMARK [2][]{section*.3}{\376\377\000S\000i\000m\000u\000l\000a\000t\000o\000r\000\040\000a\000b\000s\000t\000r\000a\000c\000t\000i\000o\000n\000.}{section.10}% 66
\BOOKMARK [3][]{section*.4}{\376\377\000F\000i\000d\000e\000l\000i\000t\000y\000\040\000o\000f\000\040\000r\000e\000i\000m\000p\000l\000e\000m\000e\000n\000t\000e\000d\000\040\000p\000o\000l\000i\000c\000i\000e\000s\000.}{section*.3}% 67
\BOOKMARK [4][]{section*.5}{\376\377\000S\000T\000Y\000L\000E\000\137\000A\000P\000P\000R\000O\000X\000I\000M\000A\000T\000I\000O\000N\000\040\000b\000a\000s\000e\000l\000i\000n\000e\000s\000.}{section*.4}% 68
\BOOKMARK [4][]{section*.6}{\376\377\000T\000h\000r\000e\000e\000\040\000p\000r\000i\000m\000a\000r\000y\000\040\000w\000o\000r\000k\000l\000o\000a\000d\000\040\000f\000a\000m\000i\000l\000i\000e\000s\000.}{section*.4}% 69
\BOOKMARK [4][]{section*.7}{\376\377\000D\000a\000t\000a\000s\000e\000t\000/\000p\000r\000o\000v\000i\000d\000e\000r\000\040\000d\000e\000p\000e\000n\000d\000e\000n\000c\000e\000.}{section*.4}% 70
\BOOKMARK [4][]{section*.8}{\376\377\000P\000r\000o\000m\000p\000t\000-\000t\000o\000k\000e\000n\000\040\000s\000e\000m\000a\000n\000t\000i\000c\000\040\000d\000i\000f\000f\000e\000r\000e\000n\000c\000e\000s\000.}{section*.4}% 71
\BOOKMARK [4][]{section*.9}{\376\377\000U\000n\000r\000e\000s\000o\000l\000v\000e\000d\000\040\000h\000i\000s\000t\000o\000r\000i\000c\000a\000l\000\040\000b\000y\000t\000e\000-\000l\000e\000v\000e\000l\000\040\000o\000v\000e\000r\000l\000a\000p\000.}{section*.4}% 72
\BOOKMARK [4][]{section*.10}{\376\377\000H\000o\000m\000o\000g\000e\000n\000e\000o\000u\000s\000\040\000h\000a\000r\000d\000w\000a\000r\000e\000\040\000/\000\040\000e\000x\000e\000c\000u\000t\000i\000o\000n\000\040\000a\000s\000s\000u\000m\000p\000t\000i\000o\000n\000s\000.}{section*.4}% 73
\BOOKMARK [4][]{section*.11}{\376\377\000C\000o\000m\000p\000l\000e\000t\000i\000o\000n\000-\000c\000o\000n\000d\000i\000t\000i\000o\000n\000e\000d\000\040\000u\000n\000d\000e\000f\000i\000n\000e\000d\000\040\000m\000e\000t\000r\000i\000c\000s\000.}{section*.4}% 74
\BOOKMARK [4][]{section*.12}{\376\377\000P\000h\000a\000s\000e\000-\0001\0001\000\040\000z\000e\000r\000o\000-\000c\000o\000m\000p\000l\000e\000t\000i\000o\000n\000\040\000p\000r\000e\000v\000a\000l\000e\000n\000c\000e\000.}{section*.4}% 75
\BOOKMARK [4][]{section*.13}{\376\377\000C\000r\000o\000s\000s\000-\000m\000e\000t\000r\000i\000c\000\040\000d\000i\000s\000a\000g\000r\000e\000e\000m\000e\000n\000t\000\040\000b\000o\000u\000n\000d\000s\000\040\000a\000n\000y\000\040\000s\000i\000n\000g\000l\000e\000-\000m\000e\000t\000r\000i\000c\000\040\000r\000a\000n\000k\000i\000n\000g\000\040\000c\000l\000a\000i\000m\000.}{section*.4}% 76
\BOOKMARK [4][]{section*.14}{\376\377\000S\000L\000O\000-\000d\000e\000f\000i\000n\000i\000t\000i\000o\000n\000\040\000s\000e\000n\000s\000i\000t\000i\000v\000i\000t\000y\000\040\000w\000a\000s\000\040\000a\000\040\000p\000o\000s\000t\000-\000c\000a\000m\000p\000a\000i\000g\000n\000\040\000e\000x\000t\000e\000n\000s\000i\000o\000n\000,\000\040\000n\000o\000t\000\040\000p\000r\000e\000r\000e\000g\000i\000s\000t\000e\000r\000e\000d\000\040\000e\000v\000i\000d\000e\000n\000c\000e\000.}{section*.4}% 77
\BOOKMARK [4][]{section*.15}{\376\377\000S\000c\000o\000p\000e\000\040\000o\000f\000\040\000r\000e\000a\000l\000-\000s\000y\000s\000t\000e\000m\000\040\000v\000a\000l\000i\000d\000a\000t\000i\000o\000n\000.}{section*.4}% 78
\BOOKMARK [1][]{section.11}{\376\377\000R\000e\000p\000r\000o\000d\000u\000c\000i\000b\000i\000l\000i\000t\000y\000\040\000a\000n\000d\000\040\000t\000h\000e\000\040\000L\000S\000S\000P\000\040\000A\000r\000t\000i\000f\000a\000c\000t}{}% 79
\BOOKMARK [2][]{subsection.11.1}{\376\377\000P\000h\000a\000s\000e\000-\0001\0002\000\040\000A\000n\000a\000l\000y\000s\000i\000s\000\040\000I\000d\000e\000n\000t\000i\000t\000i\000e\000s}{section.11}% 80
\BOOKMARK [1][]{section.12}{\376\377\000C\000o\000n\000c\000l\000u\000s\000i\000o\000n}{}% 81
\BOOKMARK [2][]{section*.17}{\376\377\000F\000u\000n\000d\000i\000n\000g\000.}{section.12}% 82
\BOOKMARK [3][]{section*.18}{\376\377\000A\000c\000k\000n\000o\000w\000l\000e\000d\000g\000e\000m\000e\000n\000t\000s\000.}{section*.17}% 83
\BOOKMARK [4][]{section*.19}{\376\377\000C\000o\000m\000p\000e\000t\000i\000n\000g\000\040\000i\000n\000t\000e\000r\000e\000s\000t\000s\000.}{section*.18}% 84
\BOOKMARK [4][]{section*.20}{\376\377\000G\000e\000n\000e\000r\000a\000t\000i\000v\000e\000\040\000A\000I\000\040\000s\000t\000a\000t\000e\000m\000e\000n\000t\000.}{section*.18}% 85
\BOOKMARK [4][]{section*.21}{\376\377\000A\000u\000t\000h\000o\000r\000\040\000c\000o\000n\000t\000r\000i\000b\000u\000t\000i\000o\000n\000s\000.}{section*.18}% 86
\BOOKMARK [4][]{section*.22}{\376\377\000E\000t\000h\000i\000c\000s\000\040\000a\000p\000p\000r\000o\000v\000a\000l\000.}{section*.18}% 87
\BOOKMARK [4][]{section*.23}{\376\377\000C\000o\000n\000s\000e\000n\000t\000\040\000f\000o\000r\000\040\000p\000u\000b\000l\000i\000c\000a\000t\000i\000o\000n\000.}{section*.18}% 88
\BOOKMARK [4][]{section*.24}{\376\377\000M\000a\000t\000e\000r\000i\000a\000l\000s\000\040\000a\000v\000a\000i\000l\000a\000b\000i\000l\000i\000t\000y\000.}{section*.18}% 89
\BOOKMARK [4][]{section*.25}{\376\377\000D\000a\000t\000a\000\040\000a\000v\000a\000i\000l\000a\000b\000i\000l\000i\000t\000y\000.}{section*.18}% 90
\BOOKMARK [4][]{section*.26}{\376\377\000C\000o\000d\000e\000\040\000a\000v\000a\000i\000l\000a\000b\000i\000l\000i\000t\000y\000.}{section*.18}% 91
